Analysis & Synthesis report for ReactionTimer
Mon Dec  4 03:18:32 2023
Quartus Prime Version 22.1std.2 Build 922 07/20/2023 SC Lite Edition


---------------------
; Table of Contents ;
---------------------
  1. Legal Notice
  2. Analysis & Synthesis Summary
  3. Analysis & Synthesis Settings
  4. Parallel Compilation
  5. Analysis & Synthesis Source Files Read
  6. Analysis & Synthesis Resource Usage Summary
  7. Analysis & Synthesis Resource Utilization by Entity
  8. User-Specified and Inferred Latches
  9. General Register Statistics
 10. Port Connectivity Checks: "initialize:initialize_instance|BCDNum:instance4"
 11. Port Connectivity Checks: "initialize:initialize_instance|LFSR:instance1"
 12. Port Connectivity Checks: "initialize:initialize_instance"
 13. Port Connectivity Checks: "PreScaler:PreScalar_instance"
 14. Post-Synthesis Netlist Statistics for Top Partition
 15. Elapsed Time Per Partition
 16. Analysis & Synthesis Messages



----------------
; Legal Notice ;
----------------
Copyright (C) 2023  Intel Corporation. All rights reserved.
Your use of Intel Corporation's design tools, logic functions 
and other software and tools, and any partner logic 
functions, and any output files from any of the foregoing 
(including device programming or simulation files), and any 
associated documentation or information are expressly subject 
to the terms and conditions of the Intel Program License 
Subscription Agreement, the Intel Quartus Prime License Agreement,
the Intel FPGA IP License Agreement, or other applicable license
agreement, including, without limitation, that your use is for
the sole purpose of programming logic devices manufactured by
Intel and sold by Intel or its authorized distributors.  Please
refer to the applicable agreement for further details, at
https://fpgasoftware.intel.com/eula.



+-------------------------------------------------------------------------------------+
; Analysis & Synthesis Summary                                                        ;
+------------------------------------+------------------------------------------------+
; Analysis & Synthesis Status        ; Successful - Mon Dec  4 03:18:32 2023          ;
; Quartus Prime Version              ; 22.1std.2 Build 922 07/20/2023 SC Lite Edition ;
; Revision Name                      ; ReactionTimer                                  ;
; Top-level Entity Name              ; React                                          ;
; Family                             ; Cyclone IV E                                   ;
; Total logic elements               ; 70                                             ;
;     Total combinational functions  ; 63                                             ;
;     Dedicated logic registers      ; 8                                              ;
; Total registers                    ; 8                                              ;
; Total pins                         ; 86                                             ;
; Total virtual pins                 ; 0                                              ;
; Total memory bits                  ; 0                                              ;
; Embedded Multiplier 9-bit elements ; 0                                              ;
; Total PLLs                         ; 0                                              ;
+------------------------------------+------------------------------------------------+


+------------------------------------------------------------------------------------------------------------+
; Analysis & Synthesis Settings                                                                              ;
+------------------------------------------------------------------+--------------------+--------------------+
; Option                                                           ; Setting            ; Default Value      ;
+------------------------------------------------------------------+--------------------+--------------------+
; Device                                                           ; EP4CE115F29C7      ;                    ;
; Top-level entity name                                            ; React              ; ReactionTimer      ;
; Family name                                                      ; Cyclone IV E       ; Cyclone V          ;
; Use smart compilation                                            ; Off                ; Off                ;
; Enable parallel Assembler and Timing Analyzer during compilation ; On                 ; On                 ;
; Enable compact report table                                      ; Off                ; Off                ;
; Restructure Multiplexers                                         ; Auto               ; Auto               ;
; Create Debugging Nodes for IP Cores                              ; Off                ; Off                ;
; Preserve fewer node names                                        ; On                 ; On                 ;
; Intel FPGA IP Evaluation Mode                                    ; Enable             ; Enable             ;
; Verilog Version                                                  ; Verilog_2001       ; Verilog_2001       ;
; VHDL Version                                                     ; VHDL_1993          ; VHDL_1993          ;
; State Machine Processing                                         ; Auto               ; Auto               ;
; Safe State Machine                                               ; Off                ; Off                ;
; Extract Verilog State Machines                                   ; On                 ; On                 ;
; Extract VHDL State Machines                                      ; On                 ; On                 ;
; Ignore Verilog initial constructs                                ; Off                ; Off                ;
; Iteration limit for constant Verilog loops                       ; 5000               ; 5000               ;
; Iteration limit for non-constant Verilog loops                   ; 250                ; 250                ;
; Add Pass-Through Logic to Inferred RAMs                          ; On                 ; On                 ;
; Infer RAMs from Raw Logic                                        ; On                 ; On                 ;
; Parallel Synthesis                                               ; On                 ; On                 ;
; DSP Block Balancing                                              ; Auto               ; Auto               ;
; NOT Gate Push-Back                                               ; On                 ; On                 ;
; Power-Up Don't Care                                              ; On                 ; On                 ;
; Remove Redundant Logic Cells                                     ; Off                ; Off                ;
; Remove Duplicate Registers                                       ; On                 ; On                 ;
; Ignore CARRY Buffers                                             ; Off                ; Off                ;
; Ignore CASCADE Buffers                                           ; Off                ; Off                ;
; Ignore GLOBAL Buffers                                            ; Off                ; Off                ;
; Ignore ROW GLOBAL Buffers                                        ; Off                ; Off                ;
; Ignore LCELL Buffers                                             ; Off                ; Off                ;
; Ignore SOFT Buffers                                              ; On                 ; On                 ;
; Limit AHDL Integers to 32 Bits                                   ; Off                ; Off                ;
; Optimization Technique                                           ; Balanced           ; Balanced           ;
; Carry Chain Length                                               ; 70                 ; 70                 ;
; Auto Carry Chains                                                ; On                 ; On                 ;
; Auto Open-Drain Pins                                             ; On                 ; On                 ;
; Perform WYSIWYG Primitive Resynthesis                            ; Off                ; Off                ;
; Auto ROM Replacement                                             ; On                 ; On                 ;
; Auto RAM Replacement                                             ; On                 ; On                 ;
; Auto DSP Block Replacement                                       ; On                 ; On                 ;
; Auto Shift Register Replacement                                  ; Auto               ; Auto               ;
; Allow Shift Register Merging across Hierarchies                  ; Auto               ; Auto               ;
; Auto Clock Enable Replacement                                    ; On                 ; On                 ;
; Strict RAM Replacement                                           ; Off                ; Off                ;
; Allow Synchronous Control Signals                                ; On                 ; On                 ;
; Force Use of Synchronous Clear Signals                           ; Off                ; Off                ;
; Auto RAM Block Balancing                                         ; On                 ; On                 ;
; Auto RAM to Logic Cell Conversion                                ; Off                ; Off                ;
; Auto Resource Sharing                                            ; Off                ; Off                ;
; Allow Any RAM Size For Recognition                               ; Off                ; Off                ;
; Allow Any ROM Size For Recognition                               ; Off                ; Off                ;
; Allow Any Shift Register Size For Recognition                    ; Off                ; Off                ;
; Use LogicLock Constraints during Resource Balancing              ; On                 ; On                 ;
; Ignore translate_off and synthesis_off directives                ; Off                ; Off                ;
; Timing-Driven Synthesis                                          ; On                 ; On                 ;
; Report Parameter Settings                                        ; On                 ; On                 ;
; Report Source Assignments                                        ; On                 ; On                 ;
; Report Connectivity Checks                                       ; On                 ; On                 ;
; Ignore Maximum Fan-Out Assignments                               ; Off                ; Off                ;
; Synchronization Register Chain Length                            ; 2                  ; 2                  ;
; Power Optimization During Synthesis                              ; Normal compilation ; Normal compilation ;
; HDL message level                                                ; Level2             ; Level2             ;
; Suppress Register Optimization Related Messages                  ; Off                ; Off                ;
; Number of Removed Registers Reported in Synthesis Report         ; 5000               ; 5000               ;
; Number of Swept Nodes Reported in Synthesis Report               ; 5000               ; 5000               ;
; Number of Inverted Registers Reported in Synthesis Report        ; 100                ; 100                ;
; Clock MUX Protection                                             ; On                 ; On                 ;
; Auto Gated Clock Conversion                                      ; Off                ; Off                ;
; Block Design Naming                                              ; Auto               ; Auto               ;
; SDC constraint protection                                        ; Off                ; Off                ;
; Synthesis Effort                                                 ; Auto               ; Auto               ;
; Shift Register Replacement - Allow Asynchronous Clear Signal     ; On                 ; On                 ;
; Pre-Mapping Resynthesis Optimization                             ; Off                ; Off                ;
; Analysis & Synthesis Message Level                               ; Medium             ; Medium             ;
; Disable Register Merging Across Hierarchies                      ; Auto               ; Auto               ;
; Resource Aware Inference For Block RAM                           ; On                 ; On                 ;
+------------------------------------------------------------------+--------------------+--------------------+


+------------------------------------------+
; Parallel Compilation                     ;
+----------------------------+-------------+
; Processors                 ; Number      ;
+----------------------------+-------------+
; Number detected on machine ; 20          ;
; Maximum allowed            ; 14          ;
;                            ;             ;
; Average used               ; 1.00        ;
; Maximum used               ; 14          ;
;                            ;             ;
; Usage by Processor         ; % Time Used ;
;     Processor 1            ; 100.0%      ;
;     Processors 2-14        ;   0.0%      ;
+----------------------------+-------------+


+-----------------------------------------------------------------------------------------------------------------------------------+
; Analysis & Synthesis Source Files Read                                                                                            ;
+----------------------------------+-----------------+-----------------+--------------------------------------------------+---------+
; File Name with User-Entered Path ; Used in Netlist ; File Type       ; File Name with Absolute Path                     ; Library ;
+----------------------------------+-----------------+-----------------+--------------------------------------------------+---------+
; D_FF.vhd                         ; yes             ; User VHDL File  ; D:/252/ReactionTimer/code/D_FF.vhd               ;         ;
; encoder32.vhd                    ; yes             ; User VHDL File  ; D:/252/ReactionTimer/code/encoder32.vhd          ;         ;
; SegDecoder.vhd                   ; yes             ; User VHDL File  ; D:/252/ReactionTimer/code/SegDecoder.vhd         ;         ;
; PreScaler.vhd                    ; yes             ; User VHDL File  ; D:/252/ReactionTimer/code/PreScaler.vhd          ;         ;
; LFSR.vhd                         ; yes             ; User VHDL File  ; D:/252/ReactionTimer/code/LFSR.vhd               ;         ;
; React.vhd                        ; yes             ; User VHDL File  ; D:/252/ReactionTimer/code/React.vhd              ;         ;
; StateDetermination.vhd           ; yes             ; User VHDL File  ; D:/252/ReactionTimer/code/StateDetermination.vhd ;         ;
; initialize.vhd                   ; yes             ; User VHDL File  ; D:/252/ReactionTimer/code/initialize.vhd         ;         ;
; BCDNum.vhd                       ; yes             ; User VHDL File  ; D:/252/ReactionTimer/code/BCDNum.vhd             ;         ;
+----------------------------------+-----------------+-----------------+--------------------------------------------------+---------+


+----------------------------------------------------------------------------------------+
; Analysis & Synthesis Resource Usage Summary                                            ;
+---------------------------------------------+------------------------------------------+
; Resource                                    ; Usage                                    ;
+---------------------------------------------+------------------------------------------+
; Estimated Total logic elements              ; 70                                       ;
;                                             ;                                          ;
; Total combinational functions               ; 63                                       ;
; Logic element usage by number of LUT inputs ;                                          ;
;     -- 4 input functions                    ; 29                                       ;
;     -- 3 input functions                    ; 31                                       ;
;     -- <=2 input functions                  ; 3                                        ;
;                                             ;                                          ;
; Logic elements by mode                      ;                                          ;
;     -- normal mode                          ; 63                                       ;
;     -- arithmetic mode                      ; 0                                        ;
;                                             ;                                          ;
; Total registers                             ; 8                                        ;
;     -- Dedicated logic registers            ; 8                                        ;
;     -- I/O registers                        ; 0                                        ;
;                                             ;                                          ;
; I/O pins                                    ; 86                                       ;
;                                             ;                                          ;
; Embedded Multiplier 9-bit elements          ; 0                                        ;
;                                             ;                                          ;
; Maximum fan-out node                        ; initialize:initialize_instance|HEX4[6]~0 ;
; Maximum fan-out                             ; 14                                       ;
; Total fan-out                               ; 331                                      ;
; Average fan-out                             ; 1.36                                     ;
+---------------------------------------------+------------------------------------------+


+--------------------------------------------------------------------------------------------------------------------------------------------------------------------------------------------------------------------------------------------------------------------------------+
; Analysis & Synthesis Resource Utilization by Entity                                                                                                                                                                                                                            ;
+-------------------------------------------+---------------------+---------------------------+-------------+--------------+---------+-----------+------+--------------+---------------------------------------------------------------------+--------------------+--------------+
; Compilation Hierarchy Node                ; Combinational ALUTs ; Dedicated Logic Registers ; Memory Bits ; DSP Elements ; DSP 9x9 ; DSP 18x18 ; Pins ; Virtual Pins ; Full Hierarchy Name                                                 ; Entity Name        ; Library Name ;
+-------------------------------------------+---------------------+---------------------------+-------------+--------------+---------+-----------+------+--------------+---------------------------------------------------------------------+--------------------+--------------+
; |React                                    ; 63 (0)              ; 8 (0)                     ; 0           ; 0            ; 0       ; 0         ; 86   ; 0            ; |React                                                              ; React              ; work         ;
;    |StateDetermination:stateDet_instance| ; 22 (22)             ; 0 (0)                     ; 0           ; 0            ; 0       ; 0         ; 0    ; 0            ; |React|StateDetermination:stateDet_instance                         ; StateDetermination ; work         ;
;    |initialize:initialize_instance|       ; 41 (15)             ; 8 (0)                     ; 0           ; 0            ; 0       ; 0         ; 0    ; 0            ; |React|initialize:initialize_instance                               ; initialize         ; work         ;
;       |LFSR:instance1|                    ; 12 (12)             ; 8 (0)                     ; 0           ; 0            ; 0       ; 0         ; 0    ; 0            ; |React|initialize:initialize_instance|LFSR:instance1                ; LFSR               ; work         ;
;          |D_FF:instance0|                 ; 0 (0)               ; 1 (1)                     ; 0           ; 0            ; 0       ; 0         ; 0    ; 0            ; |React|initialize:initialize_instance|LFSR:instance1|D_FF:instance0 ; D_FF               ; work         ;
;          |D_FF:instance1|                 ; 0 (0)               ; 1 (1)                     ; 0           ; 0            ; 0       ; 0         ; 0    ; 0            ; |React|initialize:initialize_instance|LFSR:instance1|D_FF:instance1 ; D_FF               ; work         ;
;          |D_FF:instance2|                 ; 0 (0)               ; 1 (1)                     ; 0           ; 0            ; 0       ; 0         ; 0    ; 0            ; |React|initialize:initialize_instance|LFSR:instance1|D_FF:instance2 ; D_FF               ; work         ;
;          |D_FF:instance3|                 ; 0 (0)               ; 1 (1)                     ; 0           ; 0            ; 0       ; 0         ; 0    ; 0            ; |React|initialize:initialize_instance|LFSR:instance1|D_FF:instance3 ; D_FF               ; work         ;
;          |D_FF:instance4|                 ; 0 (0)               ; 1 (1)                     ; 0           ; 0            ; 0       ; 0         ; 0    ; 0            ; |React|initialize:initialize_instance|LFSR:instance1|D_FF:instance4 ; D_FF               ; work         ;
;          |D_FF:instance5|                 ; 0 (0)               ; 1 (1)                     ; 0           ; 0            ; 0       ; 0         ; 0    ; 0            ; |React|initialize:initialize_instance|LFSR:instance1|D_FF:instance5 ; D_FF               ; work         ;
;          |D_FF:instance6|                 ; 0 (0)               ; 1 (1)                     ; 0           ; 0            ; 0       ; 0         ; 0    ; 0            ; |React|initialize:initialize_instance|LFSR:instance1|D_FF:instance6 ; D_FF               ; work         ;
;          |D_FF:instance7|                 ; 0 (0)               ; 1 (1)                     ; 0           ; 0            ; 0       ; 0         ; 0    ; 0            ; |React|initialize:initialize_instance|LFSR:instance1|D_FF:instance7 ; D_FF               ; work         ;
;       |SegDecoder:instance2|              ; 7 (7)               ; 0 (0)                     ; 0           ; 0            ; 0       ; 0         ; 0    ; 0            ; |React|initialize:initialize_instance|SegDecoder:instance2          ; SegDecoder         ; work         ;
;       |SegDecoder:instance3|              ; 7 (7)               ; 0 (0)                     ; 0           ; 0            ; 0       ; 0         ; 0    ; 0            ; |React|initialize:initialize_instance|SegDecoder:instance3          ; SegDecoder         ; work         ;
+-------------------------------------------+---------------------+---------------------------+-------------+--------------+---------+-----------+------+--------------+---------------------------------------------------------------------+--------------------+--------------+
Note: For table entries with two numbers listed, the numbers in parentheses indicate the number of resources of the given type used by the specific entity alone. The numbers listed outside of parentheses indicate the total resources of the given type used by the specific entity and all of its sub-entities in the hierarchy.


+----------------------------------------------------------------------------------------------------------------------------------------------+
; User-Specified and Inferred Latches                                                                                                          ;
+-----------------------------------------------------------+---------------------------------------------------------+------------------------+
; Latch Name                                                ; Latch Enable Signal                                     ; Free of Timing Hazards ;
+-----------------------------------------------------------+---------------------------------------------------------+------------------------+
; initialize:initialize_instance|HEX4[0]                    ; initialize:initialize_instance|HEX4[6]                  ; yes                    ;
; initialize:initialize_instance|HEX4[1]                    ; initialize:initialize_instance|HEX4[6]                  ; yes                    ;
; initialize:initialize_instance|HEX4[2]                    ; initialize:initialize_instance|HEX4[6]                  ; yes                    ;
; initialize:initialize_instance|HEX4[3]                    ; initialize:initialize_instance|HEX4[6]                  ; yes                    ;
; initialize:initialize_instance|HEX4[4]                    ; initialize:initialize_instance|HEX4[6]                  ; yes                    ;
; initialize:initialize_instance|HEX4[5]                    ; initialize:initialize_instance|HEX4[6]                  ; yes                    ;
; initialize:initialize_instance|HEX4[6]                    ; initialize:initialize_instance|HEX4[6]                  ; yes                    ;
; initialize:initialize_instance|HEX5[0]                    ; initialize:initialize_instance|HEX4[6]                  ; yes                    ;
; initialize:initialize_instance|HEX5[1]                    ; initialize:initialize_instance|HEX4[6]                  ; yes                    ;
; initialize:initialize_instance|HEX5[2]                    ; initialize:initialize_instance|HEX4[6]                  ; yes                    ;
; initialize:initialize_instance|HEX5[3]                    ; initialize:initialize_instance|HEX4[6]                  ; yes                    ;
; initialize:initialize_instance|HEX5[4]                    ; initialize:initialize_instance|HEX4[6]                  ; yes                    ;
; initialize:initialize_instance|HEX5[5]                    ; initialize:initialize_instance|HEX4[6]                  ; yes                    ;
; initialize:initialize_instance|HEX5[6]                    ; initialize:initialize_instance|HEX4[6]                  ; yes                    ;
; initialize:initialize_instance|LFSR:instance1|LFSR_Reg[0] ; initialize:initialize_instance|LFSR:instance1|process_0 ; yes                    ;
; initialize:initialize_instance|LFSR:instance1|LFSR_Reg[3] ; initialize:initialize_instance|LFSR:instance1|process_0 ; yes                    ;
; initialize:initialize_instance|LFSR:instance1|LFSR_Reg[1] ; initialize:initialize_instance|LFSR:instance1|process_0 ; yes                    ;
; initialize:initialize_instance|LFSR:instance1|LFSR_Reg[2] ; initialize:initialize_instance|LFSR:instance1|process_0 ; yes                    ;
; StateDetermination:stateDet_instance|StateTemp[1]         ; StateDetermination:stateDet_instance|StateTemp[2]       ; yes                    ;
; StateDetermination:stateDet_instance|StateTemp[2]         ; StateDetermination:stateDet_instance|StateTemp[2]       ; yes                    ;
; StateDetermination:stateDet_instance|StateTemp[0]         ; StateDetermination:stateDet_instance|StateTemp[2]       ; yes                    ;
; initialize:initialize_instance|LFSR:instance1|LFSR_Reg[4] ; initialize:initialize_instance|LFSR:instance1|process_0 ; yes                    ;
; initialize:initialize_instance|LFSR:instance1|LFSR_Reg[6] ; initialize:initialize_instance|LFSR:instance1|process_0 ; yes                    ;
; initialize:initialize_instance|LFSR:instance1|LFSR_Reg[7] ; initialize:initialize_instance|LFSR:instance1|process_0 ; yes                    ;
; initialize:initialize_instance|LFSR:instance1|LFSR_Reg[5] ; initialize:initialize_instance|LFSR:instance1|process_0 ; yes                    ;
; Number of user-specified and inferred latches = 25        ;                                                         ;                        ;
+-----------------------------------------------------------+---------------------------------------------------------+------------------------+
Note: All latches listed above may not be present at the end of synthesis due to various synthesis optimizations.


+------------------------------------------------------+
; General Register Statistics                          ;
+----------------------------------------------+-------+
; Statistic                                    ; Value ;
+----------------------------------------------+-------+
; Total registers                              ; 8     ;
; Number of registers using Synchronous Clear  ; 0     ;
; Number of registers using Synchronous Load   ; 0     ;
; Number of registers using Asynchronous Clear ; 0     ;
; Number of registers using Asynchronous Load  ; 0     ;
; Number of registers using Clock Enable       ; 0     ;
; Number of registers using Preset             ; 0     ;
+----------------------------------------------+-------+


+----------------------------------------------------------------------------------------------------------------------+
; Port Connectivity Checks: "initialize:initialize_instance|BCDNum:instance4"                                          ;
+------------+--------+----------+-------------------------------------------------------------------------------------+
; Port       ; Type   ; Severity ; Details                                                                             ;
+------------+--------+----------+-------------------------------------------------------------------------------------+
; num[31..7] ; Output ; Info     ; Connected to dangling logic. Logic that only feeds a dangling port will be removed. ;
+------------+--------+----------+-------------------------------------------------------------------------------------+


+---------------------------------------------------------------------------+
; Port Connectivity Checks: "initialize:initialize_instance|LFSR:instance1" ;
+--------+-------+----------+-----------------------------------------------+
; Port   ; Type  ; Severity ; Details                                       ;
+--------+-------+----------+-----------------------------------------------+
; enable ; Input ; Info     ; Stuck at VCC                                  ;
+--------+-------+----------+-----------------------------------------------+


+------------------------------------------------------------------------------------------------------------------+
; Port Connectivity Checks: "initialize:initialize_instance"                                                       ;
+--------+--------+----------+-------------------------------------------------------------------------------------+
; Port   ; Type   ; Severity ; Details                                                                             ;
+--------+--------+----------+-------------------------------------------------------------------------------------+
; target ; Output ; Info     ; Connected to dangling logic. Logic that only feeds a dangling port will be removed. ;
+--------+--------+----------+-------------------------------------------------------------------------------------+


+----------------------------------------------------------------------------------------------------------------+
; Port Connectivity Checks: "PreScaler:PreScalar_instance"                                                       ;
+------+--------+----------+-------------------------------------------------------------------------------------+
; Port ; Type   ; Severity ; Details                                                                             ;
+------+--------+----------+-------------------------------------------------------------------------------------+
; clko ; Output ; Info     ; Connected to dangling logic. Logic that only feeds a dangling port will be removed. ;
+------+--------+----------+-------------------------------------------------------------------------------------+


+-----------------------------------------------------+
; Post-Synthesis Netlist Statistics for Top Partition ;
+-----------------------+-----------------------------+
; Type                  ; Count                       ;
+-----------------------+-----------------------------+
; boundary_port         ; 86                          ;
; cycloneiii_ff         ; 8                           ;
;     plain             ; 8                           ;
; cycloneiii_lcell_comb ; 64                          ;
;     normal            ; 64                          ;
;         0 data inputs ; 1                           ;
;         2 data inputs ; 3                           ;
;         3 data inputs ; 31                          ;
;         4 data inputs ; 29                          ;
;                       ;                             ;
; Max LUT depth         ; 4.00                        ;
; Average LUT depth     ; 2.42                        ;
+-----------------------+-----------------------------+


+-------------------------------+
; Elapsed Time Per Partition    ;
+----------------+--------------+
; Partition Name ; Elapsed Time ;
+----------------+--------------+
; Top            ; 00:00:00     ;
+----------------+--------------+


+-------------------------------+
; Analysis & Synthesis Messages ;
+-------------------------------+
Info: *******************************************************************
Info: Running Quartus Prime Analysis & Synthesis
    Info: Version 22.1std.2 Build 922 07/20/2023 SC Lite Edition
    Info: Processing started: Mon Dec  4 03:18:27 2023
Info: Command: quartus_map --read_settings_files=on --write_settings_files=off ReactionTimer -c ReactionTimer
Warning (18236): Number of processors has not been specified which may cause overloading on shared machines.  Set the global assignment NUM_PARALLEL_PROCESSORS in your QSF to an appropriate value for best performance.
Info (20030): Parallel compilation is enabled and will use 14 of the 14 processors detected
Info (12021): Found 2 design units, including 1 entities, in source file t_ff.vhd
    Info (12022): Found design unit 1: T_FF-Behavioral File: D:/252/ReactionTimer/code/T_FF.vhd Line: 11
    Info (12023): Found entity 1: T_FF File: D:/252/ReactionTimer/code/T_FF.vhd Line: 5
Info (12021): Found 2 design units, including 1 entities, in source file d_ff.vhd
    Info (12022): Found design unit 1: D_FF-behavior File: D:/252/ReactionTimer/code/D_FF.vhd Line: 13
    Info (12023): Found entity 1: D_FF File: D:/252/ReactionTimer/code/D_FF.vhd Line: 5
Info (12021): Found 2 design units, including 1 entities, in source file sr_ff.vhd
    Info (12022): Found design unit 1: SR_FF-behavioral File: D:/252/ReactionTimer/code/SR_FF.vhd Line: 10
    Info (12023): Found entity 1: SR_FF File: D:/252/ReactionTimer/code/SR_FF.vhd Line: 5
Info (12021): Found 2 design units, including 1 entities, in source file jk_ff.vhd
    Info (12022): Found design unit 1: JK_FF-behavioral File: D:/252/ReactionTimer/code/JK_FF.vhd Line: 10
    Info (12023): Found entity 1: JK_FF File: D:/252/ReactionTimer/code/JK_FF.vhd Line: 5
Info (12021): Found 2 design units, including 1 entities, in source file pregister16.vhd
    Info (12022): Found design unit 1: PRegister16-behavior File: D:/252/ReactionTimer/code/PRegister16.vhd Line: 14
    Info (12023): Found entity 1: PRegister16 File: D:/252/ReactionTimer/code/PRegister16.vhd Line: 5
Info (12021): Found 2 design units, including 1 entities, in source file encoder32.vhd
    Info (12022): Found design unit 1: encoder32-behavior File: D:/252/ReactionTimer/code/encoder32.vhd Line: 12
    Info (12023): Found entity 1: encoder32 File: D:/252/ReactionTimer/code/encoder32.vhd Line: 5
Info (12021): Found 2 design units, including 1 entities, in source file segdecoder.vhd
    Info (12022): Found design unit 1: SegDecoder-SegLogic File: D:/252/ReactionTimer/code/SegDecoder.vhd Line: 10
    Info (12023): Found entity 1: SegDecoder File: D:/252/ReactionTimer/code/SegDecoder.vhd Line: 5
Info (12021): Found 2 design units, including 1 entities, in source file prescaler.vhd
    Info (12022): Found design unit 1: PreScaler-behavior File: D:/252/ReactionTimer/code/PreScaler.vhd Line: 13
    Info (12023): Found entity 1: PreScaler File: D:/252/ReactionTimer/code/PreScaler.vhd Line: 5
Info (12021): Found 2 design units, including 1 entities, in source file lfsr.vhd
    Info (12022): Found design unit 1: LFSR-behavioral File: D:/252/ReactionTimer/code/LFSR.vhd Line: 12
    Info (12023): Found entity 1: LFSR File: D:/252/ReactionTimer/code/LFSR.vhd Line: 6
Info (12021): Found 2 design units, including 1 entities, in source file counter.vhd
    Info (12022): Found design unit 1: counter-behavioral File: D:/252/ReactionTimer/code/Counter.vhd Line: 11
    Info (12023): Found entity 1: counter File: D:/252/ReactionTimer/code/Counter.vhd Line: 5
Info (12021): Found 2 design units, including 1 entities, in source file react.vhd
    Info (12022): Found design unit 1: react-behavior File: D:/252/ReactionTimer/code/React.vhd Line: 14
    Info (12023): Found entity 1: React File: D:/252/ReactionTimer/code/React.vhd Line: 5
Info (12021): Found 2 design units, including 1 entities, in source file statedetermination.vhd
    Info (12022): Found design unit 1: StateDetermination-behavior File: D:/252/ReactionTimer/code/StateDetermination.vhd Line: 12
    Info (12023): Found entity 1: StateDetermination File: D:/252/ReactionTimer/code/StateDetermination.vhd Line: 5
Info (12021): Found 2 design units, including 1 entities, in source file initialize.vhd
    Info (12022): Found design unit 1: initialize-behavior File: D:/252/ReactionTimer/code/initialize.vhd Line: 15
    Info (12023): Found entity 1: initialize File: D:/252/ReactionTimer/code/initialize.vhd Line: 5
Info (12021): Found 2 design units, including 1 entities, in source file bcdnum.vhd
    Info (12022): Found design unit 1: BCDNum-behavior File: D:/252/ReactionTimer/code/BCDNum.vhd Line: 12
    Info (12023): Found entity 1: BCDNum File: D:/252/ReactionTimer/code/BCDNum.vhd Line: 5
Info (12127): Elaborating entity "React" for the top level hierarchy
Warning (10541): VHDL Signal Declaration warning at React.vhd(10): used implicit default value for signal "HEX0" because signal was never assigned a value or an explicit default value. Use of implicit default value may introduce unintended design optimizations. File: D:/252/ReactionTimer/code/React.vhd Line: 10
Warning (10541): VHDL Signal Declaration warning at React.vhd(10): used implicit default value for signal "HEX1" because signal was never assigned a value or an explicit default value. Use of implicit default value may introduce unintended design optimizations. File: D:/252/ReactionTimer/code/React.vhd Line: 10
Warning (10541): VHDL Signal Declaration warning at React.vhd(10): used implicit default value for signal "HEX2" because signal was never assigned a value or an explicit default value. Use of implicit default value may introduce unintended design optimizations. File: D:/252/ReactionTimer/code/React.vhd Line: 10
Warning (10541): VHDL Signal Declaration warning at React.vhd(10): used implicit default value for signal "HEX3" because signal was never assigned a value or an explicit default value. Use of implicit default value may introduce unintended design optimizations. File: D:/252/ReactionTimer/code/React.vhd Line: 10
Warning (10541): VHDL Signal Declaration warning at React.vhd(10): used implicit default value for signal "HEX6" because signal was never assigned a value or an explicit default value. Use of implicit default value may introduce unintended design optimizations. File: D:/252/ReactionTimer/code/React.vhd Line: 10
Warning (10541): VHDL Signal Declaration warning at React.vhd(10): used implicit default value for signal "HEX7" because signal was never assigned a value or an explicit default value. Use of implicit default value may introduce unintended design optimizations. File: D:/252/ReactionTimer/code/React.vhd Line: 10
Warning (10541): VHDL Signal Declaration warning at React.vhd(10): used implicit default value for signal "HEX8" because signal was never assigned a value or an explicit default value. Use of implicit default value may introduce unintended design optimizations. File: D:/252/ReactionTimer/code/React.vhd Line: 10
Warning (10036): Verilog HDL or VHDL warning at React.vhd(56): object "out_CLK" assigned a value but never read File: D:/252/ReactionTimer/code/React.vhd Line: 56
Warning (10036): Verilog HDL or VHDL warning at React.vhd(59): object "target" assigned a value but never read File: D:/252/ReactionTimer/code/React.vhd Line: 59
Info (12128): Elaborating entity "PreScaler" for hierarchy "PreScaler:PreScalar_instance" File: D:/252/ReactionTimer/code/React.vhd Line: 64
Warning (10631): VHDL Process Statement warning at PreScaler.vhd(26): inferring latch(es) for signal or variable "clkO", which holds its previous value in one or more paths through the process File: D:/252/ReactionTimer/code/PreScaler.vhd Line: 26
Info (10041): Inferred latch for "clkO" at PreScaler.vhd(26) File: D:/252/ReactionTimer/code/PreScaler.vhd Line: 26
Info (12128): Elaborating entity "encoder32" for hierarchy "PreScaler:PreScalar_instance|encoder32:instance1" File: D:/252/ReactionTimer/code/PreScaler.vhd Line: 25
Warning (10631): VHDL Process Statement warning at encoder32.vhd(14): inferring latch(es) for signal or variable "eout", which holds its previous value in one or more paths through the process File: D:/252/ReactionTimer/code/encoder32.vhd Line: 14
Info (10041): Inferred latch for "eout[0]" at encoder32.vhd(14) File: D:/252/ReactionTimer/code/encoder32.vhd Line: 14
Info (10041): Inferred latch for "eout[1]" at encoder32.vhd(14) File: D:/252/ReactionTimer/code/encoder32.vhd Line: 14
Info (12128): Elaborating entity "StateDetermination" for hierarchy "StateDetermination:stateDet_instance" File: D:/252/ReactionTimer/code/React.vhd Line: 65
Warning (10492): VHDL Process Statement warning at StateDetermination.vhd(20): signal "StateTemp" is read inside the Process Statement but isn't in the Process Statement's sensitivity list File: D:/252/ReactionTimer/code/StateDetermination.vhd Line: 20
Warning (10492): VHDL Process Statement warning at StateDetermination.vhd(25): signal "StateTemp" is read inside the Process Statement but isn't in the Process Statement's sensitivity list File: D:/252/ReactionTimer/code/StateDetermination.vhd Line: 25
Warning (10492): VHDL Process Statement warning at StateDetermination.vhd(29): signal "StateTemp" is read inside the Process Statement but isn't in the Process Statement's sensitivity list File: D:/252/ReactionTimer/code/StateDetermination.vhd Line: 29
Warning (10492): VHDL Process Statement warning at StateDetermination.vhd(34): signal "StateTemp" is read inside the Process Statement but isn't in the Process Statement's sensitivity list File: D:/252/ReactionTimer/code/StateDetermination.vhd Line: 34
Warning (10492): VHDL Process Statement warning at StateDetermination.vhd(38): signal "StateTemp" is read inside the Process Statement but isn't in the Process Statement's sensitivity list File: D:/252/ReactionTimer/code/StateDetermination.vhd Line: 38
Warning (10492): VHDL Process Statement warning at StateDetermination.vhd(43): signal "StateTemp" is read inside the Process Statement but isn't in the Process Statement's sensitivity list File: D:/252/ReactionTimer/code/StateDetermination.vhd Line: 43
Warning (10492): VHDL Process Statement warning at StateDetermination.vhd(47): signal "StateTemp" is read inside the Process Statement but isn't in the Process Statement's sensitivity list File: D:/252/ReactionTimer/code/StateDetermination.vhd Line: 47
Warning (10492): VHDL Process Statement warning at StateDetermination.vhd(52): signal "StateTemp" is read inside the Process Statement but isn't in the Process Statement's sensitivity list File: D:/252/ReactionTimer/code/StateDetermination.vhd Line: 52
Warning (10492): VHDL Process Statement warning at StateDetermination.vhd(56): signal "StateTemp" is read inside the Process Statement but isn't in the Process Statement's sensitivity list File: D:/252/ReactionTimer/code/StateDetermination.vhd Line: 56
Warning (10492): VHDL Process Statement warning at StateDetermination.vhd(61): signal "StateTemp" is read inside the Process Statement but isn't in the Process Statement's sensitivity list File: D:/252/ReactionTimer/code/StateDetermination.vhd Line: 61
Warning (10492): VHDL Process Statement warning at StateDetermination.vhd(65): signal "StateTemp" is read inside the Process Statement but isn't in the Process Statement's sensitivity list File: D:/252/ReactionTimer/code/StateDetermination.vhd Line: 65
Warning (10492): VHDL Process Statement warning at StateDetermination.vhd(70): signal "StateTemp" is read inside the Process Statement but isn't in the Process Statement's sensitivity list File: D:/252/ReactionTimer/code/StateDetermination.vhd Line: 70
Warning (10492): VHDL Process Statement warning at StateDetermination.vhd(74): signal "StateTemp" is read inside the Process Statement but isn't in the Process Statement's sensitivity list File: D:/252/ReactionTimer/code/StateDetermination.vhd Line: 74
Warning (10492): VHDL Process Statement warning at StateDetermination.vhd(79): signal "StateTemp" is read inside the Process Statement but isn't in the Process Statement's sensitivity list File: D:/252/ReactionTimer/code/StateDetermination.vhd Line: 79
Warning (10631): VHDL Process Statement warning at StateDetermination.vhd(15): inferring latch(es) for signal or variable "StateTemp", which holds its previous value in one or more paths through the process File: D:/252/ReactionTimer/code/StateDetermination.vhd Line: 15
Info (10041): Inferred latch for "StateTemp[0]" at StateDetermination.vhd(15) File: D:/252/ReactionTimer/code/StateDetermination.vhd Line: 15
Info (10041): Inferred latch for "StateTemp[1]" at StateDetermination.vhd(15) File: D:/252/ReactionTimer/code/StateDetermination.vhd Line: 15
Info (10041): Inferred latch for "StateTemp[2]" at StateDetermination.vhd(15) File: D:/252/ReactionTimer/code/StateDetermination.vhd Line: 15
Info (12128): Elaborating entity "initialize" for hierarchy "initialize:initialize_instance" File: D:/252/ReactionTimer/code/React.vhd Line: 66
Warning (10492): VHDL Process Statement warning at initialize.vhd(50): signal "button" is read inside the Process Statement but isn't in the Process Statement's sensitivity list File: D:/252/ReactionTimer/code/initialize.vhd Line: 50
Warning (10492): VHDL Process Statement warning at initialize.vhd(51): signal "HEXTemp4" is read inside the Process Statement but isn't in the Process Statement's sensitivity list File: D:/252/ReactionTimer/code/initialize.vhd Line: 51
Warning (10492): VHDL Process Statement warning at initialize.vhd(52): signal "HEXTemp5" is read inside the Process Statement but isn't in the Process Statement's sensitivity list File: D:/252/ReactionTimer/code/initialize.vhd Line: 52
Warning (10631): VHDL Process Statement warning at initialize.vhd(47): inferring latch(es) for signal or variable "HEX4", which holds its previous value in one or more paths through the process File: D:/252/ReactionTimer/code/initialize.vhd Line: 47
Warning (10631): VHDL Process Statement warning at initialize.vhd(47): inferring latch(es) for signal or variable "HEX5", which holds its previous value in one or more paths through the process File: D:/252/ReactionTimer/code/initialize.vhd Line: 47
Info (10041): Inferred latch for "HEX5[0]" at initialize.vhd(47) File: D:/252/ReactionTimer/code/initialize.vhd Line: 47
Info (10041): Inferred latch for "HEX5[1]" at initialize.vhd(47) File: D:/252/ReactionTimer/code/initialize.vhd Line: 47
Info (10041): Inferred latch for "HEX5[2]" at initialize.vhd(47) File: D:/252/ReactionTimer/code/initialize.vhd Line: 47
Info (10041): Inferred latch for "HEX5[3]" at initialize.vhd(47) File: D:/252/ReactionTimer/code/initialize.vhd Line: 47
Info (10041): Inferred latch for "HEX5[4]" at initialize.vhd(47) File: D:/252/ReactionTimer/code/initialize.vhd Line: 47
Info (10041): Inferred latch for "HEX5[5]" at initialize.vhd(47) File: D:/252/ReactionTimer/code/initialize.vhd Line: 47
Info (10041): Inferred latch for "HEX5[6]" at initialize.vhd(47) File: D:/252/ReactionTimer/code/initialize.vhd Line: 47
Info (10041): Inferred latch for "HEX4[0]" at initialize.vhd(47) File: D:/252/ReactionTimer/code/initialize.vhd Line: 47
Info (10041): Inferred latch for "HEX4[1]" at initialize.vhd(47) File: D:/252/ReactionTimer/code/initialize.vhd Line: 47
Info (10041): Inferred latch for "HEX4[2]" at initialize.vhd(47) File: D:/252/ReactionTimer/code/initialize.vhd Line: 47
Info (10041): Inferred latch for "HEX4[3]" at initialize.vhd(47) File: D:/252/ReactionTimer/code/initialize.vhd Line: 47
Info (10041): Inferred latch for "HEX4[4]" at initialize.vhd(47) File: D:/252/ReactionTimer/code/initialize.vhd Line: 47
Info (10041): Inferred latch for "HEX4[5]" at initialize.vhd(47) File: D:/252/ReactionTimer/code/initialize.vhd Line: 47
Info (10041): Inferred latch for "HEX4[6]" at initialize.vhd(47) File: D:/252/ReactionTimer/code/initialize.vhd Line: 47
Info (12128): Elaborating entity "LFSR" for hierarchy "initialize:initialize_instance|LFSR:instance1" File: D:/252/ReactionTimer/code/initialize.vhd Line: 40
Warning (10631): VHDL Process Statement warning at LFSR.vhd(38): inferring latch(es) for signal or variable "LFSR_Reg", which holds its previous value in one or more paths through the process File: D:/252/ReactionTimer/code/LFSR.vhd Line: 38
Info (10041): Inferred latch for "LFSR_Reg[0]" at LFSR.vhd(38) File: D:/252/ReactionTimer/code/LFSR.vhd Line: 38
Info (10041): Inferred latch for "LFSR_Reg[1]" at LFSR.vhd(38) File: D:/252/ReactionTimer/code/LFSR.vhd Line: 38
Info (10041): Inferred latch for "LFSR_Reg[2]" at LFSR.vhd(38) File: D:/252/ReactionTimer/code/LFSR.vhd Line: 38
Info (10041): Inferred latch for "LFSR_Reg[3]" at LFSR.vhd(38) File: D:/252/ReactionTimer/code/LFSR.vhd Line: 38
Info (10041): Inferred latch for "LFSR_Reg[4]" at LFSR.vhd(38) File: D:/252/ReactionTimer/code/LFSR.vhd Line: 38
Info (10041): Inferred latch for "LFSR_Reg[5]" at LFSR.vhd(38) File: D:/252/ReactionTimer/code/LFSR.vhd Line: 38
Info (10041): Inferred latch for "LFSR_Reg[6]" at LFSR.vhd(38) File: D:/252/ReactionTimer/code/LFSR.vhd Line: 38
Info (10041): Inferred latch for "LFSR_Reg[7]" at LFSR.vhd(38) File: D:/252/ReactionTimer/code/LFSR.vhd Line: 38
Info (12128): Elaborating entity "D_FF" for hierarchy "initialize:initialize_instance|LFSR:instance1|D_FF:instance0" File: D:/252/ReactionTimer/code/LFSR.vhd Line: 28
Info (12128): Elaborating entity "SegDecoder" for hierarchy "initialize:initialize_instance|SegDecoder:instance2" File: D:/252/ReactionTimer/code/initialize.vhd Line: 41
Info (12128): Elaborating entity "BCDNum" for hierarchy "initialize:initialize_instance|BCDNum:instance4" File: D:/252/ReactionTimer/code/initialize.vhd Line: 43
Warning (10631): VHDL Process Statement warning at BCDNum.vhd(17): inferring latch(es) for signal or variable "num1", which holds its previous value in one or more paths through the process File: D:/252/ReactionTimer/code/BCDNum.vhd Line: 17
Warning (10631): VHDL Process Statement warning at BCDNum.vhd(17): inferring latch(es) for signal or variable "num2", which holds its previous value in one or more paths through the process File: D:/252/ReactionTimer/code/BCDNum.vhd Line: 17
Info (10041): Inferred latch for "num2[0]" at BCDNum.vhd(17) File: D:/252/ReactionTimer/code/BCDNum.vhd Line: 17
Info (10041): Inferred latch for "num2[1]" at BCDNum.vhd(17) File: D:/252/ReactionTimer/code/BCDNum.vhd Line: 17
Info (10041): Inferred latch for "num2[2]" at BCDNum.vhd(17) File: D:/252/ReactionTimer/code/BCDNum.vhd Line: 17
Info (10041): Inferred latch for "num2[3]" at BCDNum.vhd(17) File: D:/252/ReactionTimer/code/BCDNum.vhd Line: 17
Info (10041): Inferred latch for "num2[4]" at BCDNum.vhd(17) File: D:/252/ReactionTimer/code/BCDNum.vhd Line: 17
Info (10041): Inferred latch for "num2[5]" at BCDNum.vhd(17) File: D:/252/ReactionTimer/code/BCDNum.vhd Line: 17
Info (10041): Inferred latch for "num2[6]" at BCDNum.vhd(17) File: D:/252/ReactionTimer/code/BCDNum.vhd Line: 17
Info (10041): Inferred latch for "num2[7]" at BCDNum.vhd(17) File: D:/252/ReactionTimer/code/BCDNum.vhd Line: 17
Info (10041): Inferred latch for "num2[8]" at BCDNum.vhd(17) File: D:/252/ReactionTimer/code/BCDNum.vhd Line: 17
Info (10041): Inferred latch for "num2[9]" at BCDNum.vhd(17) File: D:/252/ReactionTimer/code/BCDNum.vhd Line: 17
Info (10041): Inferred latch for "num2[10]" at BCDNum.vhd(17) File: D:/252/ReactionTimer/code/BCDNum.vhd Line: 17
Info (10041): Inferred latch for "num2[11]" at BCDNum.vhd(17) File: D:/252/ReactionTimer/code/BCDNum.vhd Line: 17
Info (10041): Inferred latch for "num2[12]" at BCDNum.vhd(17) File: D:/252/ReactionTimer/code/BCDNum.vhd Line: 17
Info (10041): Inferred latch for "num2[13]" at BCDNum.vhd(17) File: D:/252/ReactionTimer/code/BCDNum.vhd Line: 17
Info (10041): Inferred latch for "num2[14]" at BCDNum.vhd(17) File: D:/252/ReactionTimer/code/BCDNum.vhd Line: 17
Info (10041): Inferred latch for "num2[15]" at BCDNum.vhd(17) File: D:/252/ReactionTimer/code/BCDNum.vhd Line: 17
Info (10041): Inferred latch for "num2[16]" at BCDNum.vhd(17) File: D:/252/ReactionTimer/code/BCDNum.vhd Line: 17
Info (10041): Inferred latch for "num2[17]" at BCDNum.vhd(17) File: D:/252/ReactionTimer/code/BCDNum.vhd Line: 17
Info (10041): Inferred latch for "num2[18]" at BCDNum.vhd(17) File: D:/252/ReactionTimer/code/BCDNum.vhd Line: 17
Info (10041): Inferred latch for "num2[19]" at BCDNum.vhd(17) File: D:/252/ReactionTimer/code/BCDNum.vhd Line: 17
Info (10041): Inferred latch for "num2[20]" at BCDNum.vhd(17) File: D:/252/ReactionTimer/code/BCDNum.vhd Line: 17
Info (10041): Inferred latch for "num2[21]" at BCDNum.vhd(17) File: D:/252/ReactionTimer/code/BCDNum.vhd Line: 17
Info (10041): Inferred latch for "num2[22]" at BCDNum.vhd(17) File: D:/252/ReactionTimer/code/BCDNum.vhd Line: 17
Info (10041): Inferred latch for "num2[23]" at BCDNum.vhd(17) File: D:/252/ReactionTimer/code/BCDNum.vhd Line: 17
Info (10041): Inferred latch for "num2[24]" at BCDNum.vhd(17) File: D:/252/ReactionTimer/code/BCDNum.vhd Line: 17
Info (10041): Inferred latch for "num2[25]" at BCDNum.vhd(17) File: D:/252/ReactionTimer/code/BCDNum.vhd Line: 17
Info (10041): Inferred latch for "num2[26]" at BCDNum.vhd(17) File: D:/252/ReactionTimer/code/BCDNum.vhd Line: 17
Info (10041): Inferred latch for "num2[27]" at BCDNum.vhd(17) File: D:/252/ReactionTimer/code/BCDNum.vhd Line: 17
Info (10041): Inferred latch for "num2[28]" at BCDNum.vhd(17) File: D:/252/ReactionTimer/code/BCDNum.vhd Line: 17
Info (10041): Inferred latch for "num2[29]" at BCDNum.vhd(17) File: D:/252/ReactionTimer/code/BCDNum.vhd Line: 17
Info (10041): Inferred latch for "num2[30]" at BCDNum.vhd(17) File: D:/252/ReactionTimer/code/BCDNum.vhd Line: 17
Info (10041): Inferred latch for "num2[31]" at BCDNum.vhd(17) File: D:/252/ReactionTimer/code/BCDNum.vhd Line: 17
Info (10041): Inferred latch for "num1[0]" at BCDNum.vhd(17) File: D:/252/ReactionTimer/code/BCDNum.vhd Line: 17
Info (10041): Inferred latch for "num1[1]" at BCDNum.vhd(17) File: D:/252/ReactionTimer/code/BCDNum.vhd Line: 17
Info (10041): Inferred latch for "num1[2]" at BCDNum.vhd(17) File: D:/252/ReactionTimer/code/BCDNum.vhd Line: 17
Info (10041): Inferred latch for "num1[3]" at BCDNum.vhd(17) File: D:/252/ReactionTimer/code/BCDNum.vhd Line: 17
Info (10041): Inferred latch for "num1[4]" at BCDNum.vhd(17) File: D:/252/ReactionTimer/code/BCDNum.vhd Line: 17
Info (10041): Inferred latch for "num1[5]" at BCDNum.vhd(17) File: D:/252/ReactionTimer/code/BCDNum.vhd Line: 17
Info (10041): Inferred latch for "num1[6]" at BCDNum.vhd(17) File: D:/252/ReactionTimer/code/BCDNum.vhd Line: 17
Info (10041): Inferred latch for "num1[7]" at BCDNum.vhd(17) File: D:/252/ReactionTimer/code/BCDNum.vhd Line: 17
Info (10041): Inferred latch for "num1[8]" at BCDNum.vhd(17) File: D:/252/ReactionTimer/code/BCDNum.vhd Line: 17
Info (10041): Inferred latch for "num1[9]" at BCDNum.vhd(17) File: D:/252/ReactionTimer/code/BCDNum.vhd Line: 17
Info (10041): Inferred latch for "num1[10]" at BCDNum.vhd(17) File: D:/252/ReactionTimer/code/BCDNum.vhd Line: 17
Info (10041): Inferred latch for "num1[11]" at BCDNum.vhd(17) File: D:/252/ReactionTimer/code/BCDNum.vhd Line: 17
Info (10041): Inferred latch for "num1[12]" at BCDNum.vhd(17) File: D:/252/ReactionTimer/code/BCDNum.vhd Line: 17
Info (10041): Inferred latch for "num1[13]" at BCDNum.vhd(17) File: D:/252/ReactionTimer/code/BCDNum.vhd Line: 17
Info (10041): Inferred latch for "num1[14]" at BCDNum.vhd(17) File: D:/252/ReactionTimer/code/BCDNum.vhd Line: 17
Info (10041): Inferred latch for "num1[15]" at BCDNum.vhd(17) File: D:/252/ReactionTimer/code/BCDNum.vhd Line: 17
Info (10041): Inferred latch for "num1[16]" at BCDNum.vhd(17) File: D:/252/ReactionTimer/code/BCDNum.vhd Line: 17
Info (10041): Inferred latch for "num1[17]" at BCDNum.vhd(17) File: D:/252/ReactionTimer/code/BCDNum.vhd Line: 17
Info (10041): Inferred latch for "num1[18]" at BCDNum.vhd(17) File: D:/252/ReactionTimer/code/BCDNum.vhd Line: 17
Info (10041): Inferred latch for "num1[19]" at BCDNum.vhd(17) File: D:/252/ReactionTimer/code/BCDNum.vhd Line: 17
Info (10041): Inferred latch for "num1[20]" at BCDNum.vhd(17) File: D:/252/ReactionTimer/code/BCDNum.vhd Line: 17
Info (10041): Inferred latch for "num1[21]" at BCDNum.vhd(17) File: D:/252/ReactionTimer/code/BCDNum.vhd Line: 17
Info (10041): Inferred latch for "num1[22]" at BCDNum.vhd(17) File: D:/252/ReactionTimer/code/BCDNum.vhd Line: 17
Info (10041): Inferred latch for "num1[23]" at BCDNum.vhd(17) File: D:/252/ReactionTimer/code/BCDNum.vhd Line: 17
Info (10041): Inferred latch for "num1[24]" at BCDNum.vhd(17) File: D:/252/ReactionTimer/code/BCDNum.vhd Line: 17
Info (10041): Inferred latch for "num1[25]" at BCDNum.vhd(17) File: D:/252/ReactionTimer/code/BCDNum.vhd Line: 17
Info (10041): Inferred latch for "num1[26]" at BCDNum.vhd(17) File: D:/252/ReactionTimer/code/BCDNum.vhd Line: 17
Info (10041): Inferred latch for "num1[27]" at BCDNum.vhd(17) File: D:/252/ReactionTimer/code/BCDNum.vhd Line: 17
Info (10041): Inferred latch for "num1[28]" at BCDNum.vhd(17) File: D:/252/ReactionTimer/code/BCDNum.vhd Line: 17
Info (10041): Inferred latch for "num1[29]" at BCDNum.vhd(17) File: D:/252/ReactionTimer/code/BCDNum.vhd Line: 17
Info (10041): Inferred latch for "num1[30]" at BCDNum.vhd(17) File: D:/252/ReactionTimer/code/BCDNum.vhd Line: 17
Info (10041): Inferred latch for "num1[31]" at BCDNum.vhd(17) File: D:/252/ReactionTimer/code/BCDNum.vhd Line: 17
Warning (13012): Latch initialize:initialize_instance|LFSR:instance1|LFSR_Reg[0] has unsafe behavior File: D:/252/ReactionTimer/code/LFSR.vhd Line: 38
    Warning (13013): Ports D and ENA on the latch are fed by the same signal initialize:initialize_instance|LFSR:instance1|D_FF:instance0|Q File: D:/252/ReactionTimer/code/D_FF.vhd Line: 9
Warning (13012): Latch initialize:initialize_instance|LFSR:instance1|LFSR_Reg[3] has unsafe behavior File: D:/252/ReactionTimer/code/LFSR.vhd Line: 38
    Warning (13013): Ports D and ENA on the latch are fed by the same signal initialize:initialize_instance|LFSR:instance1|D_FF:instance3|Q File: D:/252/ReactionTimer/code/D_FF.vhd Line: 9
Warning (13012): Latch initialize:initialize_instance|LFSR:instance1|LFSR_Reg[1] has unsafe behavior File: D:/252/ReactionTimer/code/LFSR.vhd Line: 38
    Warning (13013): Ports D and ENA on the latch are fed by the same signal initialize:initialize_instance|LFSR:instance1|D_FF:instance1|Q File: D:/252/ReactionTimer/code/D_FF.vhd Line: 9
Warning (13012): Latch initialize:initialize_instance|LFSR:instance1|LFSR_Reg[2] has unsafe behavior File: D:/252/ReactionTimer/code/LFSR.vhd Line: 38
    Warning (13013): Ports D and ENA on the latch are fed by the same signal initialize:initialize_instance|LFSR:instance1|D_FF:instance2|Q File: D:/252/ReactionTimer/code/D_FF.vhd Line: 9
Warning (13012): Latch StateDetermination:stateDet_instance|StateTemp[1] has unsafe behavior File: D:/252/ReactionTimer/code/StateDetermination.vhd Line: 15
    Warning (13013): Ports D and ENA on the latch are fed by the same signal key[0] File: D:/252/ReactionTimer/code/React.vhd Line: 7
Warning (13012): Latch StateDetermination:stateDet_instance|StateTemp[2] has unsafe behavior File: D:/252/ReactionTimer/code/StateDetermination.vhd Line: 15
    Warning (13013): Ports D and ENA on the latch are fed by the same signal key[0] File: D:/252/ReactionTimer/code/React.vhd Line: 7
Warning (13012): Latch StateDetermination:stateDet_instance|StateTemp[0] has unsafe behavior File: D:/252/ReactionTimer/code/StateDetermination.vhd Line: 15
    Warning (13013): Ports D and ENA on the latch are fed by the same signal StateDetermination:stateDet_instance|StateTemp[0] File: D:/252/ReactionTimer/code/StateDetermination.vhd Line: 15
Warning (13012): Latch initialize:initialize_instance|LFSR:instance1|LFSR_Reg[4] has unsafe behavior File: D:/252/ReactionTimer/code/LFSR.vhd Line: 38
    Warning (13013): Ports D and ENA on the latch are fed by the same signal initialize:initialize_instance|LFSR:instance1|D_FF:instance4|Q File: D:/252/ReactionTimer/code/D_FF.vhd Line: 9
Warning (13012): Latch initialize:initialize_instance|LFSR:instance1|LFSR_Reg[6] has unsafe behavior File: D:/252/ReactionTimer/code/LFSR.vhd Line: 38
    Warning (13013): Ports D and ENA on the latch are fed by the same signal initialize:initialize_instance|LFSR:instance1|D_FF:instance6|Q File: D:/252/ReactionTimer/code/D_FF.vhd Line: 9
Warning (13012): Latch initialize:initialize_instance|LFSR:instance1|LFSR_Reg[7] has unsafe behavior File: D:/252/ReactionTimer/code/LFSR.vhd Line: 38
    Warning (13013): Ports D and ENA on the latch are fed by the same signal initialize:initialize_instance|LFSR:instance1|D_FF:instance7|Q File: D:/252/ReactionTimer/code/D_FF.vhd Line: 9
Warning (13012): Latch initialize:initialize_instance|LFSR:instance1|LFSR_Reg[5] has unsafe behavior File: D:/252/ReactionTimer/code/LFSR.vhd Line: 38
    Warning (13013): Ports D and ENA on the latch are fed by the same signal initialize:initialize_instance|LFSR:instance1|D_FF:instance5|Q File: D:/252/ReactionTimer/code/D_FF.vhd Line: 9
Warning (13024): Output pins are stuck at VCC or GND
    Warning (13410): Pin "HEX0[0]" is stuck at GND File: D:/252/ReactionTimer/code/React.vhd Line: 10
    Warning (13410): Pin "HEX0[1]" is stuck at GND File: D:/252/ReactionTimer/code/React.vhd Line: 10
    Warning (13410): Pin "HEX0[2]" is stuck at GND File: D:/252/ReactionTimer/code/React.vhd Line: 10
    Warning (13410): Pin "HEX0[3]" is stuck at GND File: D:/252/ReactionTimer/code/React.vhd Line: 10
    Warning (13410): Pin "HEX0[4]" is stuck at GND File: D:/252/ReactionTimer/code/React.vhd Line: 10
    Warning (13410): Pin "HEX0[5]" is stuck at GND File: D:/252/ReactionTimer/code/React.vhd Line: 10
    Warning (13410): Pin "HEX0[6]" is stuck at GND File: D:/252/ReactionTimer/code/React.vhd Line: 10
    Warning (13410): Pin "HEX1[0]" is stuck at GND File: D:/252/ReactionTimer/code/React.vhd Line: 10
    Warning (13410): Pin "HEX1[1]" is stuck at GND File: D:/252/ReactionTimer/code/React.vhd Line: 10
    Warning (13410): Pin "HEX1[2]" is stuck at GND File: D:/252/ReactionTimer/code/React.vhd Line: 10
    Warning (13410): Pin "HEX1[3]" is stuck at GND File: D:/252/ReactionTimer/code/React.vhd Line: 10
    Warning (13410): Pin "HEX1[4]" is stuck at GND File: D:/252/ReactionTimer/code/React.vhd Line: 10
    Warning (13410): Pin "HEX1[5]" is stuck at GND File: D:/252/ReactionTimer/code/React.vhd Line: 10
    Warning (13410): Pin "HEX1[6]" is stuck at GND File: D:/252/ReactionTimer/code/React.vhd Line: 10
    Warning (13410): Pin "HEX2[0]" is stuck at GND File: D:/252/ReactionTimer/code/React.vhd Line: 10
    Warning (13410): Pin "HEX2[1]" is stuck at GND File: D:/252/ReactionTimer/code/React.vhd Line: 10
    Warning (13410): Pin "HEX2[2]" is stuck at GND File: D:/252/ReactionTimer/code/React.vhd Line: 10
    Warning (13410): Pin "HEX2[3]" is stuck at GND File: D:/252/ReactionTimer/code/React.vhd Line: 10
    Warning (13410): Pin "HEX2[4]" is stuck at GND File: D:/252/ReactionTimer/code/React.vhd Line: 10
    Warning (13410): Pin "HEX2[5]" is stuck at GND File: D:/252/ReactionTimer/code/React.vhd Line: 10
    Warning (13410): Pin "HEX2[6]" is stuck at GND File: D:/252/ReactionTimer/code/React.vhd Line: 10
    Warning (13410): Pin "HEX3[0]" is stuck at GND File: D:/252/ReactionTimer/code/React.vhd Line: 10
    Warning (13410): Pin "HEX3[1]" is stuck at GND File: D:/252/ReactionTimer/code/React.vhd Line: 10
    Warning (13410): Pin "HEX3[2]" is stuck at GND File: D:/252/ReactionTimer/code/React.vhd Line: 10
    Warning (13410): Pin "HEX3[3]" is stuck at GND File: D:/252/ReactionTimer/code/React.vhd Line: 10
    Warning (13410): Pin "HEX3[4]" is stuck at GND File: D:/252/ReactionTimer/code/React.vhd Line: 10
    Warning (13410): Pin "HEX3[5]" is stuck at GND File: D:/252/ReactionTimer/code/React.vhd Line: 10
    Warning (13410): Pin "HEX3[6]" is stuck at GND File: D:/252/ReactionTimer/code/React.vhd Line: 10
    Warning (13410): Pin "HEX6[0]" is stuck at GND File: D:/252/ReactionTimer/code/React.vhd Line: 10
    Warning (13410): Pin "HEX6[1]" is stuck at GND File: D:/252/ReactionTimer/code/React.vhd Line: 10
    Warning (13410): Pin "HEX6[2]" is stuck at GND File: D:/252/ReactionTimer/code/React.vhd Line: 10
    Warning (13410): Pin "HEX6[3]" is stuck at GND File: D:/252/ReactionTimer/code/React.vhd Line: 10
    Warning (13410): Pin "HEX6[4]" is stuck at GND File: D:/252/ReactionTimer/code/React.vhd Line: 10
    Warning (13410): Pin "HEX6[5]" is stuck at GND File: D:/252/ReactionTimer/code/React.vhd Line: 10
    Warning (13410): Pin "HEX6[6]" is stuck at GND File: D:/252/ReactionTimer/code/React.vhd Line: 10
    Warning (13410): Pin "HEX7[0]" is stuck at GND File: D:/252/ReactionTimer/code/React.vhd Line: 10
    Warning (13410): Pin "HEX7[1]" is stuck at GND File: D:/252/ReactionTimer/code/React.vhd Line: 10
    Warning (13410): Pin "HEX7[2]" is stuck at GND File: D:/252/ReactionTimer/code/React.vhd Line: 10
    Warning (13410): Pin "HEX7[3]" is stuck at GND File: D:/252/ReactionTimer/code/React.vhd Line: 10
    Warning (13410): Pin "HEX7[4]" is stuck at GND File: D:/252/ReactionTimer/code/React.vhd Line: 10
    Warning (13410): Pin "HEX7[5]" is stuck at GND File: D:/252/ReactionTimer/code/React.vhd Line: 10
    Warning (13410): Pin "HEX7[6]" is stuck at GND File: D:/252/ReactionTimer/code/React.vhd Line: 10
    Warning (13410): Pin "HEX8[0]" is stuck at GND File: D:/252/ReactionTimer/code/React.vhd Line: 10
    Warning (13410): Pin "HEX8[1]" is stuck at GND File: D:/252/ReactionTimer/code/React.vhd Line: 10
    Warning (13410): Pin "HEX8[2]" is stuck at GND File: D:/252/ReactionTimer/code/React.vhd Line: 10
    Warning (13410): Pin "HEX8[3]" is stuck at GND File: D:/252/ReactionTimer/code/React.vhd Line: 10
    Warning (13410): Pin "HEX8[4]" is stuck at GND File: D:/252/ReactionTimer/code/React.vhd Line: 10
    Warning (13410): Pin "HEX8[5]" is stuck at GND File: D:/252/ReactionTimer/code/React.vhd Line: 10
    Warning (13410): Pin "HEX8[6]" is stuck at GND File: D:/252/ReactionTimer/code/React.vhd Line: 10
Info (286030): Timing-Driven Synthesis is running
Info (16010): Generating hard_block partition "hard_block:auto_generated_inst"
    Info (16011): Adding 0 node(s), including 0 DDIO, 0 PLL, 0 transceiver and 0 LCELL
Warning (21074): Design contains 17 input pin(s) that do not drive logic
    Warning (15610): No output dependent on input pin "sw[0]" File: D:/252/ReactionTimer/code/React.vhd Line: 8
    Warning (15610): No output dependent on input pin "sw[1]" File: D:/252/ReactionTimer/code/React.vhd Line: 8
    Warning (15610): No output dependent on input pin "sw[2]" File: D:/252/ReactionTimer/code/React.vhd Line: 8
    Warning (15610): No output dependent on input pin "sw[3]" File: D:/252/ReactionTimer/code/React.vhd Line: 8
    Warning (15610): No output dependent on input pin "sw[4]" File: D:/252/ReactionTimer/code/React.vhd Line: 8
    Warning (15610): No output dependent on input pin "sw[5]" File: D:/252/ReactionTimer/code/React.vhd Line: 8
    Warning (15610): No output dependent on input pin "sw[6]" File: D:/252/ReactionTimer/code/React.vhd Line: 8
    Warning (15610): No output dependent on input pin "sw[7]" File: D:/252/ReactionTimer/code/React.vhd Line: 8
    Warning (15610): No output dependent on input pin "sw[8]" File: D:/252/ReactionTimer/code/React.vhd Line: 8
    Warning (15610): No output dependent on input pin "sw[9]" File: D:/252/ReactionTimer/code/React.vhd Line: 8
    Warning (15610): No output dependent on input pin "sw[10]" File: D:/252/ReactionTimer/code/React.vhd Line: 8
    Warning (15610): No output dependent on input pin "sw[11]" File: D:/252/ReactionTimer/code/React.vhd Line: 8
    Warning (15610): No output dependent on input pin "sw[12]" File: D:/252/ReactionTimer/code/React.vhd Line: 8
    Warning (15610): No output dependent on input pin "sw[13]" File: D:/252/ReactionTimer/code/React.vhd Line: 8
    Warning (15610): No output dependent on input pin "sw[14]" File: D:/252/ReactionTimer/code/React.vhd Line: 8
    Warning (15610): No output dependent on input pin "sw[15]" File: D:/252/ReactionTimer/code/React.vhd Line: 8
    Warning (15610): No output dependent on input pin "sw[16]" File: D:/252/ReactionTimer/code/React.vhd Line: 8
Info (21057): Implemented 156 device resources after synthesis - the final resource count might be different
    Info (21058): Implemented 23 input pins
    Info (21059): Implemented 63 output pins
    Info (21061): Implemented 70 logic cells
Info: Quartus Prime Analysis & Synthesis was successful. 0 errors, 125 warnings
    Info: Peak virtual memory: 4883 megabytes
    Info: Processing ended: Mon Dec  4 03:18:32 2023
    Info: Elapsed time: 00:00:05
    Info: Total CPU time (on all processors): 00:00:03


